[bimbingankopas.com/index.html]
[backblue.gif]
[fade.gif]
[index.html]
[bimbingankopas.com/wp-content/litespeed/css/49002fff3f3f853357f8f72e26d6249cb948.css]
[bimbingankopas.com/wp-content/uploads/2024/01/pondasibisnis.jpg]
[bimbingankopas.com/wp-content/uploads/2024/01/atbs.jpg]
[bimbingankopas.com/wp-content/uploads/2024/01/cerdas-finansial-2.jpg]
[bimbingankopas.com/feed/index.html]
[bimbingankopas.com/wp-content/uploads/2024/01/sistem-bisnis.jpg]
[bimbingankopas.com/wp-content/uploads/2024/01/mentalblock.jpg]
[bimbingankopas.com/wp-content/uploads/2024/01/testimoni-kopas-1.png]
[bimbingankopas.com/wp-content/uploads/2024/01/testimoni-kopas-4.jpg]
[bimbingankopas.com/wp-content/uploads/2024/01/testimoni-kopas-4-1.jpg]
[bimbingankopas.com/comments/feed/index.html]
[bimbingankopas.com/wp-content/uploads/2024/01/photo_2024-01-07_06-29-44.jpg]
[bimbingankopas.com/wp-content/uploads/2024/01/testimoni-kopas-2-1.jpg]
[bimbingankopas.com/wp-content/plugins/litespeed-cache/guest.vary.html]
[bimbingankopas.com/index.html]
[bimbingankopas.com/wp-content/uploads/2024/01/bg-matricgram.jpg]
[bimbingankopas.com/wp-content/uploads/2024/01/bg-semen.jpg]
[bimbingankopas.com/wp-content/uploads/2024/01/bg-patternsegitiga.jpg]
[bimbingankopas.com/wp-content/themes/landingpress-wp/assets/images/select-arrow.png]
[bimbingankopas.com/wp-content/plugins/wp-content-copy-protector/images/warning.png]
[bimbingankopas.com/wp-content/litespeed/css/49002fff3f3f853357f8f72e26d6249cb948.css]
[bimbingankopas.com/wp-content/plugins/litespeed-cache/guest.vary.html]
